******************************************************************************
                  TI ARM Linker PC v20.2.7                     
******************************************************************************
>> Linked Sat Jun  8 21:26:56 2024

OUTPUT FILE NAME:   <ssl.out>
ENTRY POINT SYMBOL: "_c_int00_noargs"  address: 20010755


MEMORY CONFIGURATION

         name            origin    length      used     unused   attr    fill
----------------------  --------  ---------  --------  --------  ----  --------
  SRAM_CODE             20004000   00013000  0000da92  0000556e  RW X
  SRAM_DATA             20017000   00019000  00011749  000078b7  RW X


SEGMENT ALLOCATION MAP

run origin  load origin   length   init length attrs members
----------  ----------- ---------- ----------- ----- -------
20004000    20004000    0000da98   0000da98    r-x
  20004000    20004000    00000400   00000400    r-- .intvecs
  20004400    20004400    0000caca   0000caca    r-x .text
  20010ecc    20010ecc    00000ac8   00000ac8    r-- .const
  20011998    20011998    00000100   00000100    r-- .cinit
20017000    20017000    0001074d   00000000    rw-
  20017000    20017000    00008344   00000000    rw- .data
  2001f348    2001f348    00008000   00000000    rw- .sysmem
  20027348    20027348    00000405   00000000    rw- .bss
2002f000    2002f000    00001000   00000000    rw-
  2002f000    2002f000    00001000   00000000    rw- .stack


SECTION ALLOCATION MAP

 output                                  attributes/
section   page    origin      length       input sections
--------  ----  ----------  ----------   ----------------
.intvecs   0    20004000    00000400     
                  20004000    00000400     startup_ccs.obj (.intvecs)

.init_array 
*          0    20004000    00000000     UNINITIALIZED

.text      0    20004400    0000caca     
                  20004400    00002260     main.obj (.text)
                  20006660    00000ec0     network_utils.obj (.text)
                  20007520    00000a80     Adafruit_GFX.obj (.text)
                  20007fa0    00000a4e     rtsv7M4_T_le_eabi.lib : _printfi.c.obj (.text:__TI_printfi)
                  200089ee    00000002     driverlib.a : interrupt.obj (.text:IntDefaultHandler)
                  200089f0    00000590     simplelink.a : driver.obj (.text:_SlDrvMsgRead)
                  20008f80    000004aa     Adafruit_OLED.obj (.text)
                  2000942a    00000002     rtsv7M4_T_le_eabi.lib : _lock.c.obj (.text:_nop)
                  2000942c    00000398     gpio_if.obj (.text)
                  200097c4    000002a0     i2c_if.obj (.text)
                  20009a64    00000280     simplelink.a : wlan.obj (.text:sl_WlanConnect)
                  20009ce4    0000027c     uart_if.obj (.text)
                  20009f60    00000268     rtsv7M4_T_le_eabi.lib : _printfi.c.obj (.text:_pconv_a)
                  2000a1c8    00000248     simplelink.a : driver.obj (.text:_SlDrvRxHdrRead)
                  2000a410    000001e4                  : driver.obj (.text:_SlDrvDataReadOp)
                  2000a5f4    000001d0                  : driver.obj (.text:_SlDrvReleasePoolObj)
                  2000a7c4    000001cc     rtsv7M4_T_le_eabi.lib : _printfi.c.obj (.text:_pconv_g)
                  2000a990    000001b6                           : fd_add_t2.asm.obj (.text)
                  2000ab46    00000002                           : div0.asm.obj (.text)
                  2000ab48    000001b4     simplelink.a : driver.obj (.text:_SlDrvDriverCBInit)
                  2000acfc    0000019c                  : driver.obj (.text:_SlDrvMsgWrite)
                  2000ae98    00000190                  : driver.obj (.text:_SlDrvWaitForPoolObj)
                  2000b028    0000018c                  : socket.obj (.text:sl_Connect)
                  2000b1b4    00000178     driverlib.a : prcm.obj (.text:PRCMCC3200MCUInit)
                  2000b32c    00000170     simplelink.a : driver.obj (.text:_SlFindAndSetActiveObj)
                  2000b49c    0000015c     rtsv7M4_T_le_eabi.lib : e_sqrt.c.obj (.text:sqrt)
                  2000b5f8    00000158     pin_mux_config.obj (.text)
                  2000b750    00000150     simplelink.a : driver.obj (.text:_SlDrvDataWriteOp)
                  2000b8a0    00000148                  : cc_pal.obj (.text:spi_Open)
                  2000b9e8    00000144                  : driver.obj (.text:_SlDrvMsgReadCmdCtx)
                  2000bb2c    00000144                  : netapp.obj (.text:sl_NetAppDnsGetHostByName)
                  2000bc70    0000013c     rtsv7M4_T_le_eabi.lib : _printfi.c.obj (.text:_pconv_e)
                  2000bdac    00000136                           : fd_div_t2.asm.obj (.text)
                  2000bee2    00000002     --HOLE-- [fill = 0]
                  2000bee4    00000134     simplelink.a : socket.obj (.text:sl_Send)
                  2000c018    00000130                  : driver.obj (.text:_SlDrvDriverCBDeinit)
                  2000c148    00000120     rtsv7M4_T_le_eabi.lib : _printfi.c.obj (.text:fcvt)
                  2000c268    00000114                           : fputs.c.obj (.text:fputs)
                  2000c37c    00000104     simplelink.a : netapp.obj (.text:_SlDrvNetAppEventHandler)
                  2000c480    00000100     rtsv7M4_T_le_eabi.lib : memory.c.obj (.text:aligned_alloc)
                  2000c580    000000fc                           : fd_mul_t2.asm.obj (.text)
                  2000c67c    000000f0     simplelink.a : device.obj (.text:sl_Start)
                  2000c76c    000000f0                  : device.obj (.text:sl_Stop)
                  2000c85c    000000f0                  : cc_pal.obj (.text:spi_Read)
                  2000c94c    000000f0     driverlib.a : udma.obj (.text:uDMAChannelTransferSet)
                  2000ca3c    000000e8     simplelink.a : driver.obj (.text:_SlAsyncEventGenericHandler)
                  2000cb24    000000e8                  : driver.obj (.text:_SlDrvMsgReadSpawnCtx)
                  2000cc0c    000000e4     rtsv7M4_T_le_eabi.lib : memory.c.obj (.text:free)
                  2000ccf0    000000e4                           : memory.c.obj (.text:realloc)
                  2000cdd4    000000e4     simplelink.a : netapp.obj (.text:sl_NetAppMDNSRegisterUnregisterService)
                  2000ceb8    000000dc                  : driver.obj (.text:_SlDrvClassifyRxMsg)
                  2000cf94    000000dc     rtsv7M4_T_le_eabi.lib : setvbuf.c.obj (.text:setvbuf)
                  2000d070    000000d0                           : s_scalbn.c.obj (.text:scalbn)
                  2000d140    000000cc     simplelink.a : netapp.obj (.text:_sl_HandleAsync_DnsGetHostByService)
                  2000d20c    000000cc                  : device.obj (.text:sl_DevGet)
                  2000d2d8    000000c4                  : driver.obj (.text:_SlRemoveFromList)
                  2000d39c    000000c0                  : driver.obj (.text:_SlDrvCmdOp)
                  2000d45c    000000b1     rtsv7M4_T_le_eabi.lib : _printfi.c.obj (.text:_ltostr)
                  2000d50d    00000003     --HOLE-- [fill = 0]
                  2000d510    000000b0     simplelink.a : nonos.obj (.text:_SlNonOsSemGet)
                  2000d5c0    000000a8     driverlib.a : interrupt.obj (.text:IntDisable)
                  2000d668    000000a8                 : interrupt.obj (.text:IntEnable)
                  2000d710    000000a4     simplelink.a : driver.obj (.text:_SlDriverHandleError)
                  2000d7b4    000000a0     driverlib.a : spi.obj (.text:SPIConfigSetExpClk)
                  2000d854    000000a0     simplelink.a : socket.obj (.text:sl_Recv)
                  2000d8f4    0000009c     rtsv7M4_T_le_eabi.lib : memcpy_t2.asm.obj (.text)
                  2000d990    0000009a     simplelink.a : device.obj (.text:_SlDrvDeviceEventHandler)
                  2000da2a    00000002     --HOLE-- [fill = 0]
                  2000da2c    00000098                  : device.obj (.text:sl_DevSet)
                  2000dac4    00000098                  : netcfg.obj (.text:sl_NetCfgSet)
                  2000db5c    00000098                  : socket.obj (.text:sl_SetSockOpt)
                  2000dbf4    00000098                  : wlan.obj (.text:sl_WlanSet)
                  2000dc8c    00000098                  : cc_pal.obj (.text:spi_Write)
                  2000dd24    00000096     rtsv7M4_T_le_eabi.lib : ull_div_t2.asm.obj (.text)
                  2000ddba    00000002     --HOLE-- [fill = 0]
                  2000ddbc    00000094     driverlib.a : prcm.obj (.text:PRCMPeripheralClockGet)
                  2000de50    00000090     simplelink.a : netapp.obj (.text:_sl_HandleAsync_DnsGetHostByName)
                  2000dee0    00000090                  : netapp.obj (.text:_sl_HandleAsync_PingResponse)
                  2000df70    00000090                  : wlan.obj (.text:sl_WlanPolicySet)
                  2000e000    0000008c                  : cc_pal.obj (.text:SetupDMAReceive)
                  2000e08c    0000008c                  : cc_pal.obj (.text:SetupDMASend)
                  2000e118    0000008c                  : driver.obj (.text:_SlDrvIsTimeoutExpired)
                  2000e1a4    0000008c                  : device.obj (.text:_sl_HandleAsync_InitComplete)
                  2000e230    0000008c     rtsv7M4_T_le_eabi.lib : fputc.c.obj (.text:fputc)
                  2000e2bc    0000008c     simplelink.a : socket.obj (.text:sl_Socket)
                  2000e348    00000088     driverlib.a : pin.obj (.text:PinConfigSet)
                  2000e3d0    00000086     rtsv7M4_T_le_eabi.lib : fd_cmp_t2.asm.obj (.text:__aeabi_cdcmple)
                  2000e456    00000086                           : fd_cmp_t2.asm.obj (.text:__aeabi_cdrcmple)
                  2000e4dc    00000084     driverlib.a : i2c.obj (.text:I2CMasterInitExpClk)
                  2000e560    00000084     simplelink.a : cc_pal.obj (.text:NwpPowerOnPreamble)
                  2000e5e4    00000084                  : wlan.obj (.text:sl_WlanRxFilterSet)
                  2000e668    00000082     driverlib.a : gpio.obj (.text:GPIOIntTypeSet)
                  2000e6ea    00000002     --HOLE-- [fill = 0]
                  2000e6ec    00000080     simplelink.a : socket.obj (.text:_sl_HandleAsync_Connect)
                  2000e76c    00000080                  : cc_pal.obj (.text:spi_Read_CPU)
                  2000e7ec    00000080                  : cc_pal.obj (.text:spi_Write_CPU)
                  2000e86c    0000007a     rtsv7M4_T_le_eabi.lib : fs_mul_t2.asm.obj (.text)
                  2000e8e6    0000007a                           : memset_t2.asm.obj (.text)
                  2000e960    00000078     simplelink.a : cc_pal.obj (.text:spi_Close)
                  2000e9d8    00000076     driverlib.a : uart.obj (.text:UARTConfigSetExpClk)
                  2000ea4e    00000002     --HOLE-- [fill = 0]
                  2000ea50    00000074     simplelink.a : nonos.obj (.text:_SlNonOsMainLoopTask)
                  2000eac4    00000074     rtsv7M4_T_le_eabi.lib : fclose.c.obj (.text:__TI_closefile)
                  2000eb38    00000070                           : memory.c.obj (.text:split)
                  2000eba8    0000006e                           : _printfi.c.obj (.text:_mcpy)
                  2000ec16    00000002     --HOLE-- [fill = 0]
                  2000ec18    0000006c                           : hostrename.c.obj (.text:HOSTrename)
                  2000ec84    0000006c     simplelink.a : driver.obj (.text:_SlDrvCmdSend)
                  2000ecf0    0000006c                  : netapp.obj (.text:_sl_NetAppSendTokenValue)
                  2000ed5c    00000068     rtsv7M4_T_le_eabi.lib : hostlseek.c.obj (.text:HOSTlseek)
                  2000edc4    00000068                           : copy_decompress_lzss.c.obj (.text:decompress:lzss:__TI_decompress_lzss)
                  2000ee2c    00000068                           : printf.c.obj (.text:printf)
                  2000ee94    00000064     simplelink.a : nonos.obj (.text:_SlNonOsSpawn)
                  2000eef8    00000064                  : socket.obj (.text:_sl_HandleAsync_Accept)
                  2000ef5c    00000064     rtsv7M4_T_le_eabi.lib : fseek.c.obj (.text:fseek)
                  2000efc0    00000064     simplelink.a : netapp.obj (.text:sl_NetAppMDNSUnRegisterService)
                  2000f024    00000064     driverlib.a : udma.obj (.text:uDMAChannelAttributeDisable)
                  2000f088    00000064                 : udma.obj (.text:uDMAChannelAttributeEnable)
                  2000f0ec    00000062     rtsv7M4_T_le_eabi.lib : _io_perm.c.obj (.text:__TI_wrt_ok)
                  2000f14e    00000002     --HOLE-- [fill = 0]
                  2000f150    00000060                           : hostopen.c.obj (.text:HOSTopen)
                  2000f1b0    00000060     simplelink.a : socket.obj (.text:sl_Close)
                  2000f210    00000060                  : wlan.obj (.text:sl_WlanProfileDel)
                  2000f270    00000060                  : wlan.obj (.text:sl_WlanSetMode)
                  2000f2d0    0000005c     rtsv7M4_T_le_eabi.lib : close.c.obj (.text:close)
                  2000f32c    0000005c                           : s_frexp.c.obj (.text:frexp)
                  2000f388    00000058                           : hostread.c.obj (.text:HOSTread)
                  2000f3e0    00000058                           : hostwrite.c.obj (.text:HOSTwrite)
                  2000f438    00000058     driverlib.a : interrupt.obj (.text:IntPendClear)
                  2000f490    00000058                 : prcm.obj (.text:PRCMPeripheralReset)
                  2000f4e8    00000056     rtsv7M4_T_le_eabi.lib : _printfi.c.obj (.text:_pconv_f)
                  2000f53e    00000002     --HOLE-- [fill = 0]
                  2000f540    00000054     driverlib.a : interrupt.obj (.text:IntPrioritySet)
                  2000f594    00000054     simplelink.a : driver.obj (.text:_SlDrvRxIrqHandler)
                  2000f5e8    00000054     rtsv7M4_T_le_eabi.lib : _ltoa.c.obj (.text:__TI_ltoa)
                  2000f63c    00000054     simplelink.a : socket.obj (.text:_sl_HandleAsync_Select)
                  2000f690    00000052     rtsv7M4_T_le_eabi.lib : _printfi.c.obj (.text:_ecpy)
                  2000f6e2    00000002     --HOLE-- [fill = 0]
                  2000f6e4    00000050     simplelink.a : device.obj (.text:_sl_HandleAsync_Stop)
                  2000f734    0000004c     driverlib.a : spi.obj (.text:SPIIntEnable)
                  2000f780    0000004c                 : spi.obj (.text:SPIIntNumberGet)
                  2000f7cc    0000004c     simplelink.a : driver.obj (.text:_SlDrvProtectAsyncRespSetting)
                  2000f818    0000004c     rtsv7M4_T_le_eabi.lib : fflush.c.obj (.text:__TI_doflush)
                  2000f864    0000004c     simplelink.a : socket.obj (.text:_sl_BuildAddress)
                  2000f8b0    0000004c     rtsv7M4_T_le_eabi.lib : atoi.c.obj (.text:atoi)
                  2000f8fc    0000004c     driverlib.a : udma.obj (.text:uDMAChannelAssign)
                  2000f948    00000048                 : gpio.obj (.text:GPIOGetIntNumber)
                  2000f990    00000048                 : spi.obj (.text:SPIIntClear)
                  2000f9d8    00000048     simplelink.a : driver.obj (.text:_SlDrvBasicCmd)
                  2000fa20    00000048     rtsv7M4_T_le_eabi.lib : exit.c.obj (.text:exit)
                  2000fa68    00000048                           : fd_toi_t2.asm.obj (.text)
                  2000fab0    00000044                           : hostclose.c.obj (.text:HOSTclose)
                  2000faf4    00000044                           : hostunlink.c.obj (.text:HOSTunlink)
                  2000fb38    00000044     driverlib.a : spi.obj (.text:SPIDmaMaskGet)
                  2000fb7c    00000044                 : timer.obj (.text:TimerConfigure)
                  2000fbc0    00000044     simplelink.a : driver.obj (.text:_SlDrvHandleHttpServerEvents)
                  2000fc04    00000044                  : driver.obj (.text:_SlDrvSyncObjWaitTimeout)
                  2000fc48    00000044     rtsv7M4_T_le_eabi.lib : autoinit.c.obj (.text:__TI_auto_init_nobinit_nopinit:__TI_auto_init_nobinit_nopinit)
                  2000fc8c    00000044     simplelink.a : cc_pal.obj (.text:cc_SetupTransfer)
                  2000fcd0    00000044     rtsv7M4_T_le_eabi.lib : getdevice.c.obj (.text:getdevice)
                  2000fd14    00000042     simplelink.a : socket.obj (.text:sl_Htonl)
                  2000fd56    00000002     --HOLE-- [fill = 0]
                  2000fd58    00000040     driverlib.a : pin.obj (.text:PinModeSet)
                  2000fd98    00000040     simplelink.a : driver.obj (.text:_SlDrvHandleNetAppEvents)
                  2000fdd8    00000040                  : driver.obj (.text:_SlDrvHandleWlanEvents)
                  2000fe18    00000040                  : socket.obj (.text:_sl_TruncatePayloadByProtocol)
                  2000fe58    00000040     rtsv7M4_T_le_eabi.lib : sprintf.c.obj (.text:sprintf)
                  2000fe98    00000040                           : vsnprintf.c.obj (.text:vsnprintf)
                  2000fed8    0000003e     simplelink.a : cc_pal.obj (.text:NwpRegisterInterruptHandler)
                  2000ff16    0000003e     rtsv7M4_T_le_eabi.lib : _printfi.c.obj (.text:_fcpy)
                  2000ff54    0000003c     simplelink.a : netapp.obj (.text:CopyPingResultsToReport)
                  2000ff90    0000003c     driverlib.a : prcm.obj (.text:PRCMPeripheralClkEnable)
                  2000ffcc    0000003c     simplelink.a : cc_pal.obj (.text:simplelink_timerA2_start)
                  20010008    0000003c                  : socket.obj (.text:sl_Htons)
                  20010044    0000003c     driverlib.a : udma.obj (.text:uDMAChannelControlSet)
                  20010080    00000038     simplelink.a : cc_pal.obj (.text:NwpPowerOff)
                  200100b8    00000038     rtsv7M4_T_le_eabi.lib : trgmsg.c.obj (.text:__TI_writemsg)
                  200100f0    00000038                           : fs_toi_t2.asm.obj (.text)
                  20010128    00000038                           : i_tofs_t2.asm.obj (.text)
                  20010160    00000038     simplelink.a : wlan.obj (.text:sl_WlanDisconnect)
                  20010198    00000036     driverlib.a : gpio.obj (.text:GPIODirModeSet)
                  200101ce    00000036     rtsv7M4_T_le_eabi.lib : strncpy.c.obj (.text:strncpy)
                  20010204    00000034     simplelink.a : cc_pal.obj (.text:NwpPowerOn)
                  20010238    00000034     driverlib.a : prcm.obj (.text:PRCMPeripheralStatusGet)
                  2001026c    00000034                 : spi.obj (.text:SPIFIFOLevelSet)
                  200102a0    00000034     rtsv7M4_T_le_eabi.lib : fopen.c.obj (.text:__TI_cleanup)
                  200102d4    00000034                           : trgmsg.c.obj (.text:__TI_readmsg)
                  20010308    00000034                           : strstr.c.obj (.text:strstr)
                  2001033c    00000030     driverlib.a : pin.obj (.text:PinTypeGPIO)
                  2001036c    00000030                 : uart.obj (.text:UARTDisable)
                  2001039c    00000030     rtsv7M4_T_le_eabi.lib : vsnprintf.c.obj (.text:_outs)
                  200103cc    00000030                           : getdevice.c.obj (.text:finddevice)
                  200103fc    0000002e                           : i_tofd_t2.asm.obj (.text)
                  2001042a    0000002c     driverlib.a : i2c.obj (.text:I2CMasterErr)
                  20010456    00000002     --HOLE-- [fill = 0]
                  20010458    0000002c                 : prcm.obj (.text:PRCMSysResetCauseGet)
                  20010484    0000002c     simplelink.a : driver.obj (.text:_SlDrvObjGlobalLockWaitForever)
                  200104b0    0000002c                  : driver.obj (.text:_SlDrvProtectionObjLockWaitForever)
                  200104dc    0000002c     rtsv7M4_T_le_eabi.lib : unlink.c.obj (.text:unlink)
                  20010508    0000002a     driverlib.a : timer.obj (.text:TimerLoadSet)
                  20010532    0000002a                 : timer.obj (.text:TimerPrescaleSet)
                  2001055c    00000028                 : prcm.obj (.text:PRCMPeripheralClkDisable)
                  20010584    00000028     simplelink.a : driver.obj (.text:_SlDrvGlobalObjUnLock)
                  200105ac    00000028                  : driver.obj (.text:_SlDrvProtectionObjUnLock)
                  200105d4    00000028                  : driver.obj (.text:_SlDrvSyncObjWaitForever)
                  200105fc    00000028     rtsv7M4_T_le_eabi.lib : memory.c.obj (.text:free_list_insert)
                  20010624    00000028                           : lseek.c.obj (.text:lseek)
                  2001064c    00000028                           : memmov.c.obj (.text:memmove)
                  20010674    00000028                           : write.c.obj (.text:write)
                  2001069c    00000026     simplelink.a : driver.obj (.text:_SlDrvObjLockWaitForever)
                  200106c2    00000026     network_common.obj (.text)
                  200106e8    00000024     simplelink.a : cc_pal.obj (.text:DmaSpiSwIntHandler)
                  2001070c    00000024     driverlib.a : interrupt.obj (.text:IntUnregister)
                  20010730    00000024                 : uart.obj (.text:UARTEnable)
                  20010754    00000024     rtsv7M4_T_le_eabi.lib : boot_cortex_m.c.obj (.text:_c_int00_noargs:_c_int00_noargs)
                  20010778    00000022     driverlib.a : gpio.obj (.text:GPIOIntStatus)
                  2001079a    00000022                 : i2c.obj (.text:I2CMasterSlaveAddrSet)
                  200107bc    00000022                 : spi.obj (.text:SPIReset)
                  200107de    00000022                 : spi.obj (.text:SPIWordCountSet)
                  20010800    00000020                 : gpio.obj (.text:GPIOPinWrite)
                  20010820    00000020                 : interrupt.obj (.text:IntRegister)
                  20010840    00000020     simplelink.a : cc_pal.obj (.text:NwpPrePowerOffTimout0)
                  20010860    00000020     driverlib.a : spi.obj (.text:SPIDataGet)
                  20010880    00000020     simplelink.a : cc_pal.obj (.text:TimerGetCurrentTimestamp)
                  200108a0    00000020                  : driver.obj (.text:_SlDrvObjUnLock)
                  200108c0    00000020                  : driver.obj (.text:_SlDrvSyncObjSignal)
                  200108e0    00000020     rtsv7M4_T_le_eabi.lib : memchr.c.obj (.text:memchr)
                  20010900    0000001e     driverlib.a : gpio.obj (.text:GPIOIntRegister)
                  2001091e    0000001e                 : i2c.obj (.text:I2CMasterIntStatusEx)
                  2001093c    0000001e                 : spi.obj (.text:SPIDataPut)
                  2001095a    0000001e                 : timer.obj (.text:TimerEnable)
                  20010978    0000001e                 : uart.obj (.text:UARTCharPut)
                  20010996    0000001e     simplelink.a : cc_pal.obj (.text:cc_UDMAChannelSelect)
                  200109b4    0000001c     driverlib.a : pin.obj (.text:PinTypeI2C)
                  200109d0    0000001c                 : systick.obj (.text:SysTickIntRegister)
                  200109ec    0000001c                 : timer.obj (.text:TimerValueGet)
                  20010a08    0000001c                 : uart.obj (.text:UARTCharGetNonBlocking)
                  20010a24    0000001c     simplelink.a : driver.obj (.text:_SlDrvStartMeasureTimeout)
                  20010a40    0000001c     rtsv7M4_T_le_eabi.lib : memory.c.obj (.text:free_list_remove)
                  20010a5c    0000001c                           : memccpy.c.obj (.text:memccpy)
                  20010a78    0000001c     driverlib.a : udma.obj (.text:uDMAChannelEnable)
                  20010a94    0000001a                 : gpio.obj (.text:GPIOIntEnable)
                  20010aae    0000001a                 : pin.obj (.text:PinTypeSPI)
                  20010ac8    0000001a                 : pin.obj (.text:PinTypeUART)
                  20010ae2    0000001a                 : spi.obj (.text:SPIDmaDisable)
                  20010afc    0000001a                 : spi.obj (.text:SPIDmaEnable)
                  20010b16    0000001a                 : spi.obj (.text:SPIFIFODisable)
                  20010b30    0000001a                 : spi.obj (.text:SPIFIFOEnable)
                  20010b4a    0000001a                 : spi.obj (.text:SPIIntUnregister)
                  20010b64    00000018                 : gpio.obj (.text:GPIOPinRead)
                  20010b7c    00000018                 : i2c.obj (.text:I2CMasterIntEnableEx)
                  20010b94    00000018                 : spi.obj (.text:SPICSDisable)
                  20010bac    00000018                 : spi.obj (.text:SPICSEnable)
                  20010bc4    00000018                 : spi.obj (.text:SPIDisable)
                  20010bdc    00000018                 : spi.obj (.text:SPIEnable)
                  20010bf4    00000018                 : systick.obj (.text:SysTickPeriodSet)
                  20010c0c    00000018                 : uart.obj (.text:UARTCharsAvail)
                  20010c24    00000018     simplelink.a : nonos.obj (.text:_SlNonOsSemSet)
                  20010c3c    00000018     rtsv7M4_T_le_eabi.lib : vsnprintf.c.obj (.text:_outc)
                  20010c54    00000018                           : sprintf.c.obj (.text:_outs)
                  20010c6c    00000018     simplelink.a : device.obj (.text:_sl_GetStartResponseConvert)
                  20010c84    00000018     rtsv7M4_T_le_eabi.lib : ll_mul_t2.asm.obj (.text)
                  20010c9c    00000018                           : strcmp.c.obj (.text:strcmp)
                  20010cb4    00000016     driverlib.a : i2c.obj (.text:I2CMasterDataPut)
                  20010cca    00000016                 : i2c.obj (.text:I2CMasterEnable)
                  20010ce0    00000016                 : i2c.obj (.text:I2CMasterIntClear)
                  20010cf6    00000016                 : prcm.obj (.text:PRCMHIBRegRead)
                  20010d0c    00000016                 : prcm.obj (.text:PRCMHIBRegWrite)
                  20010d22    00000016     simplelink.a : driver.obj (.text:_SlDrvMemZero)
                  20010d38    00000016     rtsv7M4_T_le_eabi.lib : strchr.c.obj (.text:strchr)
                  20010d4e    00000014     driverlib.a : cpu.obj (.text:CPUcpsie)
                  20010d62    00000014                 : gpio.obj (.text:GPIOIntClear)
                  20010d76    00000002     --HOLE-- [fill = 0]
                  20010d78    00000014                 : interrupt.obj (.text:IntVTableBaseSet)
                  20010d8c    00000014     rtsv7M4_T_le_eabi.lib : strcpy.c.obj (.text:strcpy)
                  20010da0    00000014                           : strlen.c.obj (.text:strlen)
                  20010db4    00000012     driverlib.a : i2c.obj (.text:I2CMasterControl)
                  20010dc6    00000012                 : i2c.obj (.text:I2CMasterTimeoutSet)
                  20010dd8    00000012     rtsv7M4_T_le_eabi.lib : wcslen.c.obj (.text:wcslen)
                  20010dea    00000002     --HOLE-- [fill = 0]
                  20010dec    00000010     driverlib.a : systick.obj (.text:SysTickEnable)
                  20010dfc    00000010                 : systick.obj (.text:SysTickIntEnable)
                  20010e0c    00000010     simplelink.a : driver.obj (.text:_SlDrvDispatchHttpServerEvents)
                  20010e1c    0000000e     driverlib.a : i2c.obj (.text:I2CMasterDataGet)
                  20010e2a    0000000e     simplelink.a : driver.obj (.text:_SlDrvResetCmdExt)
                  20010e38    0000000e     rtsv7M4_T_le_eabi.lib : copy_decompress_none.c.obj (.text:decompress:none:__TI_decompress_none)
                  20010e46    0000000e     startup_ccs.obj (.text)
                  20010e54    0000000c     simplelink.a : cc_pal.obj (.text:NwpMaskInterrupt)
                  20010e60    0000000c                  : cc_pal.obj (.text:NwpUnMaskInterrupt)
                  20010e6c    0000000c     driverlib.a : systick.obj (.text:SysTickValueGet)
                  20010e78    0000000c     rtsv7M4_T_le_eabi.lib : s_copysign.c.obj (.text:copysign)
                  20010e84    0000000c                           : copy_zero_init.c.obj (.text:decompress:ZI:__TI_zero_init)
                  20010e90    0000000a     driverlib.a : interrupt.obj (.text:IntMasterEnable)
                  20010e9a    0000000a     rtsv7M4_T_le_eabi.lib : sprintf.c.obj (.text:_outc)
                  20010ea4    00000008                           : errno.c.obj (.text:__aeabi_errno_addr)
                  20010eac    00000008                           : memory.c.obj (.text:malloc)
                  20010eb4    00000006     driverlib.a : utils.obj (.text:UtilsDelay)
                  20010eba    00000004     rtsv7M4_T_le_eabi.lib : printf.c.obj (.text:_outc)
                  20010ebe    00000004                           : printf.c.obj (.text:_outs)
                  20010ec2    00000004                           : pre_init.c.obj (.text:_system_pre_init)
                  20010ec6    00000004                           : exit.c.obj (.text:abort:abort)

.const     0    20010ecc    00000ac8     
                  20010ecc    000004fb     Adafruit_GFX.obj (.const:.string:font)
                  200113c7    00000101     rtsv7M4_T_le_eabi.lib : ctype.c.obj (.const:.string:_ctypes_)
                  200114c8    00000100     driverlib.a : pin.obj (.const:g_ulPinToPadMap)
                  200115c8    000000d4                 : interrupt.obj (.const:g_pulRegs)
                  2001169c    000000a8                 : prcm.obj (.const:PRCM_PeriphRegsList)
                  20011744    0000003c     simplelink.a : driver.obj (.const:OpcodeTranslateTable)
                  20011780    00000038                  : driver.obj (.const:_SlActionLookupTable)
                  200117b8    0000002c     network_utils.obj (.const:$P$T1$2)
                  200117e4    00000024     driverlib.a : spi.obj (.const:g_ppulSPIIntMap)
                  20011808    00000022     network_utils.obj (.const:.string:$P$T0$1)
                  2001182a    00000002     --HOLE-- [fill = 0]
                  2001182c    00000020     simplelink.a : driver.obj (.const:RxMsgClassLUT)
                  2001184c    00000018     driverlib.a : interrupt.obj (.const:g_pulDisRegs)
                  20011864    00000018                 : interrupt.obj (.const:g_pulEnRegs)
                  2001187c    00000018                 : interrupt.obj (.const:g_pulUnpendRegs)
                  20011894    00000018                 : spi.obj (.const:g_ulSPIDmaMaskMap)
                  200118ac    00000014     simplelink.a : driver.obj (.const:$P$T0$1)
                  200118c0    00000014                  : nonos.obj (.const:$P$T0$1)
                  200118d4    00000014     network_utils.obj (.const:$P$T2$3)
                  200118e8    00000010     simplelink.a : socket.obj (.const:.string:_SlPayloadByProtocolLUT)
                  200118f8    0000000c     network_utils.obj (.const:$P$T4$5)
                  20011904    0000000c     network_utils.obj (.const:.string:$P$T3$4)
                  20011910    00000009     main.obj (.const:.string:$P$T0$1)
                  20011919    00000008     simplelink.a : device.obj (.const:StartResponseLUT)
                  20011921    00000003     --HOLE-- [fill = 0]
                  20011924    00000008                  : driver.obj (.const:g_H2NCnysPattern)
                  2001192c    00000008                  : driver.obj (.const:g_H2NSyncPattern)
                  20011934    00000005     main.obj (.const:.string:$P$T1$5)
                  20011939    00000005     main.obj (.const:.string:$P$T2$6)
                  2001193e    00000004     simplelink.a : wlan.obj (.const:$P$T0$1)
                  20011942    00000004                  : socket.obj (.const:$P$T2$3)
                  20011946    00000004                  : device.obj (.const:_SlDeviceGetCmdCtrl)
                  2001194a    00000004                  : device.obj (.const:_SlDeviceSetCmdCtrl)
                  2001194e    00000004                  : netapp.obj (.const:_SlGetHostByNameCtrl)
                  20011952    00000004                  : netapp.obj (.const:_SlNetAppSendTokenValueCmdCtrl)
                  20011956    00000004                  : netcfg.obj (.const:_SlNetCfgSetCmdCtrl)
                  2001195a    00000004                  : wlan.obj (.const:_SlPolicySetCmdCtrl)
                  2001195e    00000004                  : wlan.obj (.const:_SlProfileDelCmdCtrl)
                  20011962    00000004                  : socket.obj (.const:_SlRecvCmdCtrl)
                  20011966    00000004                  : netapp.obj (.const:_SlRegisterServiceCtrl)
                  2001196a    00000004                  : wlan.obj (.const:_SlRxFilterSetCmdCtrl)
                  2001196e    00000004                  : socket.obj (.const:_SlSendCmdCtrl)
                  20011972    00000004                  : socket.obj (.const:_SlSetSockOptCmdCtrl)
                  20011976    00000004                  : socket.obj (.const:_SlSockCloseCmdCtrl)
                  2001197a    00000004                  : socket.obj (.const:_SlSockSocketCmdCtrl)
                  2001197e    00000004                  : device.obj (.const:_SlStopCmdCtrl)
                  20011982    00000004                  : wlan.obj (.const:_SlWlanCfgSetCmdCtrl)
                  20011986    00000004                  : wlan.obj (.const:_SlWlanSetModeCmdCtrl)
                  2001198a    00000002     --HOLE-- [fill = 0]
                  2001198c    00000004                  : driver.obj (.const:httpServer_callbacks)
                  20011990    00000004                  : driver.obj (.const:netApp_callbacks)

.cinit     0    20011998    00000100     
                  20011998    000000da     (.cinit..data.load) [load image, compression = lzss]
                  20011a72    00000002     --HOLE-- [fill = 0]
                  20011a74    0000000c     (__TI_handler_table)
                  20011a80    00000008     (.cinit..bss.load) [load image, compression = zero_init]
                  20011a88    00000010     (__TI_cinit_table)

.data      0    20017000    00008344     UNINITIALIZED
                  20017000    00004000     main.obj (.data:genericMaze)
                  2001b000    00004000     main.obj (.data:hangman)
                  2001f000    000000f0     rtsv7M4_T_le_eabi.lib : defs.c.obj (.data:_ftable)
                  2001f0f0    00000078                           : host_device.c.obj (.data:_device)
                  2001f168    00000050                           : host_device.c.obj (.data:_stream)
                  2001f1b8    0000003c     simplelink.a : nonos.obj (.data:g__SlNonOsCB)
                  2001f1f4    00000028     main.obj (.data:accelData$2)
                  2001f21c    00000028     main.obj (.data:cursorsArray)
                  2001f244    0000001c     main.obj (.data)
                  2001f260    00000018     main.obj (.data:mainCursorArray)
                  2001f278    00000018     main.obj (.data:mazeDifCursorArray)
                  2001f290    00000015     Adafruit_GFX.obj (.data)
                  2001f2a5    00000003     --HOLE--
                  2001f2a8    00000014     gpio_if.obj (.data:ulReg)
                  2001f2bc    00000010     rtsv7M4_T_le_eabi.lib : defs.c.obj (.data)
                  2001f2cc    0000000d     simplelink.a : driver.obj (.data)
                  2001f2d9    00000003     --HOLE--
                  2001f2dc    0000000c     rtsv7M4_T_le_eabi.lib : exit.c.obj (.data:$O1$$)
                  2001f2e8    0000000c     gpio_if.obj (.data)
                  2001f2f4    0000000c     network_utils.obj (.data)
                  2001f300    00000009     simplelink.a : cc_pal.obj (.data)
                  2001f309    00000003     --HOLE--
                  2001f30c    00000008     rtsv7M4_T_le_eabi.lib : _lock.c.obj (.data:$O1$$)
                  2001f314    00000008                           : memory.c.obj (.data:$O1$$)
                  2001f31c    00000008     main.obj (.data:IRpin)
                  2001f324    00000008     main.obj (.data:accelIndex$3)
                  2001f32c    00000008     main.obj (.data:accelSum$4)
                  2001f334    00000008     main.obj (.data:currentCursor)
                  2001f33c    00000004     rtsv7M4_T_le_eabi.lib : errno.c.obj (.data)
                  2001f340    00000004     simplelink.a : driver.obj (.data:wlan_callbacks)

.sysmem    0    2001f348    00008000     UNINITIALIZED
                  2001f348    00000010     rtsv7M4_T_le_eabi.lib : memory.c.obj (.sysmem)
                  2001f358    00007ff0     --HOLE--

.bss       0    20027348    00000405     UNINITIALIZED
                  20027348    00000168     simplelink.a : driver.obj (.bss:g_StatMem)
                  200274b0    00000120     rtsv7M4_T_le_eabi.lib : trgmsg.c.obj (.bss:_CIOBUF_)
                  200275d0    000000a0     (.common:__TI_tmpnams)
                  20027670    00000050     (.common:g_ucDinDout)
                  200276c0    0000002c     (.common:g_time)
                  200276ec    00000024     (.common:g_ucConnectionSSID)
                  20027710    00000008     (.common:g_app_config)
                  20027718    00000008     (.common:g_ucConnectionBSSID)
                  20027720    00000008     (.common:parmbuf)
                  20027728    00000004     uart_if.obj (.bss)
                  2002772c    00000004     (.common:IR_intcount)
                  20027730    00000004     (.common:bitCounter)
                  20027734    00000004     (.common:dataStream)
                  20027738    00000004     (.common:delta_us)
                  2002773c    00000004     (.common:g_Host)
                  20027740    00000004     (.common:g_port)
                  20027744    00000002     main.obj (.bss)
                  20027746    00000001     (.common:IR_intflag)
                  20027747    00000001     (.common:RxIrqCnt)
                  20027748    00000001     (.common:g_bDeviceRestartIsRequired)
                  20027749    00000001     (.common:g_cDummy)
                  2002774a    00000001     (.common:g_ucLED1Pin)
                  2002774b    00000001     (.common:g_ucLED2Pin)
                  2002774c    00000001     (.common:g_ucLED3Pin)

.stack     0    2002f000    00001000     UNINITIALIZED
                  2002f000    00000004     rtsv7M4_T_le_eabi.lib : boot_cortex_m.c.obj (.stack)
                  2002f004    00000ffc     --HOLE--

__llvm_prf_cnts 
*          0    20017000    00000000     UNINITIALIZED

MODULE SUMMARY

       Module                       code    ro data   rw data
       ------                       ----    -------   -------
    .\
       main.obj                     8800    19        32975  
       Adafruit_GFX.obj             2688    1275      21     
       Adafruit_OLED.obj            1194    0         0      
       startup_ccs.obj              14      1024      0      
       gpio_if.obj                  920     0         35     
       i2c_if.obj                   672     0         0      
       uart_if.obj                  636     0         4      
       pin_mux_config.obj           344     0         0      
       network_common.obj           38      0         0      
    +--+----------------------------+-------+---------+---------+
       Total:                       15306   2318      33035  
                                                             
    .\utils\
       network_utils.obj            3776    122       116    
    +--+----------------------------+-------+---------+---------+
       Total:                       3776    122       116    
                                                             
    C:/ti/CC3200SDK_1.5.0/cc3200-sdk/driverlib/ccs/Release/driverlib.a
       prcm.obj                     852     168       0      
       spi.obj                      860     60        0      
       interrupt.obj                608     284       0      
       udma.obj                     604     0         0      
       pin.obj                      328     256       0      
       gpio.obj                     422     0         0      
       i2c.obj                      380     0         0      
       uart.obj                     284     0         0      
       timer.obj                    210     0         0      
       systick.obj                  96      0         0      
       cpu.obj                      20      0         0      
       utils.obj                    6       0         0      
    +--+----------------------------+-------+---------+---------+
       Total:                       4670    768       0      
                                                             
    C:/ti/CC3200SDK_1.5.0/cc3200-sdk/simplelink/ccs/NON_OS_debug/simplelink.a
       driver.obj                   7906    192       379    
       cc_pal.obj                   1960    0         90     
       socket.obj                   1830    40        0      
       netapp.obj                   1572    12        0      
       wlan.obj                     1316    24        0      
       device.obj                   1234    20        0      
       nonos.obj                    416     20        60     
       netcfg.obj                   152     4         0      
    +--+----------------------------+-------+---------+---------+
       Total:                       16386   312       529    
                                                             
    C:\ti\ccs1260\ccs\tools\compiler\ti-cgt-arm_20.2.7.LTS\lib\rtsv7M4_T_le_eabi.lib
       _printfi.c.obj               4835    0         0      
       memory.c.obj                 900     0         8      
       fd_add_t2.asm.obj            438     0         0      
       defs.c.obj                   0       0         416    
       trgmsg.c.obj                 108     0         288    
       e_sqrt.c.obj                 348     0         0      
       fd_div_t2.asm.obj            310     0         0      
       fputs.c.obj                  276     0         0      
       fd_cmp_t2.asm.obj            268     0         0      
       ctype.c.obj                  0       257       0      
       fd_mul_t2.asm.obj            252     0         0      
       setvbuf.c.obj                220     0         0      
       s_scalbn.c.obj               208     0         0      
       host_device.c.obj            0       0         200    
       memcpy_t2.asm.obj            156     0         0      
       ull_div_t2.asm.obj           150     0         0      
       fputc.c.obj                  140     0         0      
       vsnprintf.c.obj              136     0         0      
       fs_mul_t2.asm.obj            122     0         0      
       memset_t2.asm.obj            122     0         0      
       fclose.c.obj                 116     0         0      
       getdevice.c.obj              116     0         0      
       printf.c.obj                 112     0         0      
       hostrename.c.obj             108     0         0      
       copy_decompress_lzss.c.obj   104     0         0      
       hostlseek.c.obj              104     0         0      
       hostopen.c.obj               96      0         8      
       fseek.c.obj                  100     0         0      
       _io_perm.c.obj               98      0         0      
       sprintf.c.obj                98      0         0      
       close.c.obj                  92      0         0      
       s_frexp.c.obj                92      0         0      
       exit.c.obj                   76      0         12     
       hostread.c.obj               88      0         0      
       hostwrite.c.obj              88      0         0      
       _ltoa.c.obj                  84      0         0      
       atoi.c.obj                   76      0         0      
       fflush.c.obj                 76      0         0      
       fd_toi_t2.asm.obj            72      0         0      
       autoinit.c.obj               68      0         0      
       hostclose.c.obj              68      0         0      
       hostunlink.c.obj             68      0         0      
       fs_toi_t2.asm.obj            56      0         0      
       i_tofs_t2.asm.obj            56      0         0      
       strncpy.c.obj                54      0         0      
       fopen.c.obj                  52      0         0      
       strstr.c.obj                 52      0         0      
       i_tofd_t2.asm.obj            46      0         0      
       unlink.c.obj                 44      0         0      
       lseek.c.obj                  40      0         0      
       memmov.c.obj                 40      0         0      
       write.c.obj                  40      0         0      
       boot_cortex_m.c.obj          36      0         0      
       memchr.c.obj                 32      0         0      
       memccpy.c.obj                28      0         0      
       ll_mul_t2.asm.obj            24      0         0      
       strcmp.c.obj                 24      0         0      
       strchr.c.obj                 22      0         0      
       strcpy.c.obj                 20      0         0      
       strlen.c.obj                 20      0         0      
       wcslen.c.obj                 18      0         0      
       copy_decompress_none.c.obj   14      0         0      
       copy_zero_init.c.obj         12      0         0      
       errno.c.obj                  8       0         4      
       s_copysign.c.obj             12      0         0      
       _lock.c.obj                  2       0         8      
       pre_init.c.obj               4       0         0      
       div0.asm.obj                 2       0         0      
    +--+----------------------------+-------+---------+---------+
       Total:                       11747   257       944    
                                                             
       Heap:                        0       0         32768  
       Stack:                       0       0         4096   
       Linker Generated:            0       254       0      
    +--+----------------------------+-------+---------+---------+
       Grand Total:                 51885   4031      71488  


LINKER GENERATED COPY TABLES

__TI_cinit_table @ 20011a88 records: 2, size/record: 8, table size: 16
	.data: load addr=20011998, load size=000000da bytes, run addr=20017000, run size=00008344 bytes, compression=lzss
	.bss: load addr=20011a80, load size=00000008 bytes, run addr=20027348, run size=00000405 bytes, compression=zero_init


LINKER GENERATED HANDLER TABLE

__TI_handler_table @ 20011a74 records: 3, size/record: 4, table size: 12
	index: 0, handler: __TI_decompress_lzss
	index: 1, handler: __TI_decompress_none
	index: 2, handler: __TI_zero_init


GLOBAL SYMBOLS: SORTED ALPHABETICALLY BY Name 

address   name                                  
-------   ----                                  
20009015  Adafruit_Init                         
20010ec7  C$$EXIT                               
200100e7  C$$IO$$                               
20010d4f  CPUcpsie                              
20009d25  ClearTerm                             
2000918b  Color565                              
200059fd  DisplayBuffer                         
200106e9  DmaSpiSwIntHandler                    
200059c5  DrawCore                              
2000591f  DrawHead                              
20005945  DrawLeftArm                           
2000598b  DrawLeftLeg                           
2000595b  DrawRightArm                          
200059af  DrawRightLeg                          
20009d2f  Error                                 
20010199  GPIODirModeSet                        
20010d63  GPIOIntClear                          
20010a95  GPIOIntEnable                         
20010901  GPIOIntRegister                       
20010779  GPIOIntStatus                         
2000e669  GPIOIntTypeSet                        
20010b65  GPIOPinRead                           
20010801  GPIOPinWrite                          
200096ed  GPIO_IF_ConfigureNIntEnable           
20009779  GPIO_IF_Get                           
200096a7  GPIO_IF_GetPortNPin                   
20009469  GPIO_IF_LedConfigure                  
2000955b  GPIO_IF_LedOff                        
200094a7  GPIO_IF_LedOn                         
2000960f  GPIO_IF_LedStatus                     
20009679  GPIO_IF_LedToggle                     
20009735  GPIO_IF_Set                           
20009d67  GetCmd                                
2000fab1  HOSTclose                             
2000ed5d  HOSTlseek                             
2000f151  HOSTopen                              
2000f389  HOSTread                              
2000ec19  HOSTrename                            
2000faf5  HOSTunlink                            
2000f3e1  HOSTwrite                             
20010db5  I2CMasterControl                      
20010e1d  I2CMasterDataGet                      
20010cb5  I2CMasterDataPut                      
20010ccb  I2CMasterEnable                       
2001042b  I2CMasterErr                          
2000e4dd  I2CMasterInitExpClk                   
20010ce1  I2CMasterIntClear                     
20010b7d  I2CMasterIntEnableEx                  
2001091f  I2CMasterIntStatusEx                  
2001079b  I2CMasterSlaveAddrSet                 
20010dc7  I2CMasterTimeoutSet                   
20009a4f  I2C_IF_Close                          
200099f3  I2C_IF_Open                           
200098f1  I2C_IF_Read                           
200099ad  I2C_IF_ReadFrom                       
20009841  I2C_IF_Write                          
2002772c  IR_intcount                           
20027746  IR_intflag                            
20009ce5  InitTerm                              
2000d5c1  IntDisable                            
2000d669  IntEnable                             
20010e91  IntMasterEnable                       
2000f439  IntPendClear                          
2000f541  IntPrioritySet                        
20010821  IntRegister                           
2001070d  IntUnregister                         
20010d79  IntVTableBaseSet                      
20009d03  Message                               
20010e55  NwpMaskInterrupt                      
20010081  NwpPowerOff                           
20010205  NwpPowerOn                            
2000e561  NwpPowerOnPreamble                    
20010841  NwpPrePowerOffTimout0                 
2000fed9  NwpRegisterInterruptHandler           
20010e61  NwpUnMaskInterrupt                    
20011744  OpcodeTranslateTable                  
20007ecb  Outstr                                
2000b1b5  PRCMCC3200MCUInit                     
20010cf7  PRCMHIBRegRead                        
20010d0d  PRCMHIBRegWrite                       
2001055d  PRCMPeripheralClkDisable              
2000ff91  PRCMPeripheralClkEnable               
2000ddbd  PRCMPeripheralClockGet                
2000f491  PRCMPeripheralReset                   
20010239  PRCMPeripheralStatusGet               
20010459  PRCMSysResetCauseGet                  
2000e349  PinConfigSet                          
2000fd59  PinModeSet                            
2000b5f9  PinMuxConfig                          
2001033d  PinTypeGPIO                           
200109b5  PinTypeI2C                            
20010aaf  PinTypeSPI                            
20010ac9  PinTypeUART                           
20009ea5  Report                                
20010e47  ResetISR                              
20027747  RxIrqCnt                              
20010b95  SPICSDisable                          
20010bad  SPICSEnable                           
2000d7b5  SPIConfigSetExpClk                    
20010861  SPIDataGet                            
2001093d  SPIDataPut                            
20010bc5  SPIDisable                            
20010ae3  SPIDmaDisable                         
20010afd  SPIDmaEnable                          
20010bdd  SPIEnable                             
20010b17  SPIFIFODisable                        
20010b31  SPIFIFOEnable                         
2001026d  SPIFIFOLevelSet                       
2000f991  SPIIntClear                           
2000f735  SPIIntEnable                          
20010b4b  SPIIntUnregister                      
200107bd  SPIReset                              
200107df  SPIWordCountSet                       
20006835  SimpleLinkGeneralEventHandler         
20006811  SimpleLinkHttpServerCallback          
2000676f  SimpleLinkNetAppEventHandler          
20006855  SimpleLinkSockEventHandler            
20006661  SimpleLinkWlanEventHandler            
20010ded  SysTickEnable                         
20010dfd  SysTickIntEnable                      
200109d1  SysTickIntRegister                    
20010bf5  SysTickPeriodSet                      
20010e6d  SysTickValueGet                       
2000fb7d  TimerConfigure                        
2001095b  TimerEnable                           
20010881  TimerGetCurrentTimestamp              
20010509  TimerLoadSet                          
20010533  TimerPrescaleSet                      
200109ed  TimerValueGet                         
20009e0d  TrimSpace                             
20010a09  UARTCharGetNonBlocking                
20010979  UARTCharPut                           
20010c0d  UARTCharsAvail                        
2000e9d9  UARTConfigSetExpClk                   
2001036d  UARTDisable                           
20010731  UARTEnable                            
20010eb5  UtilsDelay                            
20011780  _SlActionLookupTable                  
2000d711  _SlDriverHandleError                  
2000f9d9  _SlDrvBasicCmd                        
2000d39d  _SlDrvCmdOp                           
2000ec85  _SlDrvCmdSend                         
2000a411  _SlDrvDataReadOp                      
2000b751  _SlDrvDataWriteOp                     
2000d991  _SlDrvDeviceEventHandler              
20010e0d  _SlDrvDispatchHttpServerEvents        
2000c019  _SlDrvDriverCBDeinit                  
2000ab49  _SlDrvDriverCBInit                    
20010585  _SlDrvGlobalObjUnLock                 
2000fbc1  _SlDrvHandleHttpServerEvents          
2000fd99  _SlDrvHandleNetAppEvents              
2000fdd9  _SlDrvHandleWlanEvents                
2000e119  _SlDrvIsTimeoutExpired                
20010d23  _SlDrvMemZero                         
2000cb25  _SlDrvMsgReadSpawnCtx                 
2000c37d  _SlDrvNetAppEventHandler              
2001069d  _SlDrvObjLockWaitForever              
200108a1  _SlDrvObjUnLock                       
2000f7cd  _SlDrvProtectAsyncRespSetting         
200104b1  _SlDrvProtectionObjLockWaitForever    
200105ad  _SlDrvProtectionObjUnLock             
2000a5f5  _SlDrvReleasePoolObj                  
20010e2b  _SlDrvResetCmdExt                     
2000f595  _SlDrvRxIrqHandler                    
20010a25  _SlDrvStartMeasureTimeout             
200108c1  _SlDrvSyncObjSignal                   
200105d5  _SlDrvSyncObjWaitForever              
2000fc05  _SlDrvSyncObjWaitTimeout              
2000ae99  _SlDrvWaitForPoolObj                  
20011952  _SlNetAppSendTokenValueCmdCtrl        
2000ea51  _SlNonOsMainLoopTask                  
2000d511  _SlNonOsSemGet                        
20010c25  _SlNonOsSemSet                        
2000ee95  _SlNonOsSpawn                         
200274b0  __CIOBUF_                             
20030000  __STACK_END                           
00001000  __STACK_SIZE                          
00008000  __SYSMEM_SIZE                         
20011a88  __TI_CINIT_Base                       
20011a98  __TI_CINIT_Limit                      
20011a74  __TI_Handler_Table_Base               
20011a80  __TI_Handler_Table_Limit              
2000fc49  __TI_auto_init_nobinit_nopinit        
200102a1  __TI_cleanup                          
2001f2dc  __TI_cleanup_ptr                      
2000eac5  __TI_closefile                        
2000edc5  __TI_decompress_lzss                  
20010e39  __TI_decompress_none                  
2000f819  __TI_doflush                          
2001f2e0  __TI_dtors_ptr                        
2001f2e4  __TI_enable_exit_profile_output       
2001f2bc  __TI_ft_end                           
2000f5e9  __TI_ltoa                             
ffffffff  __TI_pprof_out_hndl                   
20007fa1  __TI_printfi                          
ffffffff  __TI_prof_data_size                   
ffffffff  __TI_prof_data_start                  
200102d5  __TI_readmsg                          
20011998  __TI_static_base__                    
200275d0  __TI_tmpnams                          
200100b9  __TI_writemsg                         
2000f0ed  __TI_wrt_ok                           
20010e85  __TI_zero_init                        
2000e3d1  __aeabi_cdcmpeq                       
2000e3d1  __aeabi_cdcmple                       
2000e457  __aeabi_cdrcmple                      
2000fa69  __aeabi_d2iz                          
2000a99b  __aeabi_dadd                          
2000bdad  __aeabi_ddiv                          
2000c581  __aeabi_dmul                          
2000a991  __aeabi_dsub                          
20010ea5  __aeabi_errno_addr                    
200100f1  __aeabi_f2iz                          
2000e86d  __aeabi_fmul                          
200103fd  __aeabi_i2d                           
20010129  __aeabi_i2f                           
2000ab47  __aeabi_idiv0                         
2000ab47  __aeabi_ldiv0                         
20010c85  __aeabi_lmul                          
2000e8e7  __aeabi_memclr                        
2000e8e7  __aeabi_memclr4                       
2000e8e7  __aeabi_memclr8                       
2000d8f5  __aeabi_memcpy                        
2000d8f5  __aeabi_memcpy4                       
2000d8f5  __aeabi_memcpy8                       
2000e8e9  __aeabi_memset                        
2000e8e9  __aeabi_memset4                       
2000e8e9  __aeabi_memset8                       
2001f2c8  __aeabi_stderr                        
2001f2c0  __aeabi_stdin                         
2001f2c4  __aeabi_stdout                        
2000dd25  __aeabi_uldivmod                      
ffffffff  __binit__                             
ffffffff  __c_args__                            
UNDEFED   __mpu_init                            
2002f000  __stack                               
20017000  __start___llvm_prf_cnts               
20017000  __stop___llvm_prf_cnts                
20010755  _c_int00_noargs                       
200113c7  _ctypes_                              
2001f0f0  _device                               
2001f000  _ftable                               
2001f30c  _lock                                 
2000942b  _nop                                  
2000eef9  _sl_HandleAsync_Accept                
2000e6ed  _sl_HandleAsync_Connect               
2000de51  _sl_HandleAsync_DnsGetHostByName      
2000d141  _sl_HandleAsync_DnsGetHostByService   
2000e1a5  _sl_HandleAsync_InitComplete          
2000dee1  _sl_HandleAsync_PingResponse          
2000f63d  _sl_HandleAsync_Select                
2000f6e5  _sl_HandleAsync_Stop                  
2000ecf1  _sl_NetAppSendTokenValue              
2001f168  _stream                               
2001f348  _sys_memory                           
UNDEFED   _system_post_cinit                    
20010ec3  _system_pre_init                      
2001f310  _unlock                               
20010ec7  abort                                 
2000c481  aligned_alloc                         
2000f8b1  atoi                                  
ffffffff  binit                                 
20027730  bitCounter                            
20004ae3  blink                                 
20004b25  blinkCursor                           
20004ce9  buildEasyMaze                         
200056f1  buildHangman                          
20005075  buildHardMaze                         
20004e81  buildMediumMaze                       
20005c23  calculateShift                        
20004ba5  changeCursorLocation                  
2001f258  checkFlag                             
200054f9  clearMaze                             
2000f2d1  close                                 
200071f9  connectToAccessPoint                  
20010e79  copysign                              
20010e79  copysignl                             
2001f290  cursor_x                              
2001f294  cursor_y                              
2001f21c  cursorsArray                          
20027734  dataStream                            
20027738  delta_us                              
20007d7f  drawChar                              
20007521  drawCircle                            
20007655  drawCircleHelper                      
20004a67  drawCursor                            
20009335  drawFastHLine                         
20009295  drawFastVLine                         
2000789b  drawLine                              
200054a5  drawMaze                              
200093d1  drawPixel                             
20007987  drawRect                              
200079d5  drawRoundRect                         
20007b3d  drawTriangle                          
2001f33c  errno                                 
2000fa21  exit                                  
20007773  fillCircle                            
200077ad  fillCircleHelper                      
200091e3  fillRect                              
20007ac3  fillRoundRect                         
200091cd  fillScreen                            
20007b7f  fillTriangle                          
200103cd  finddevice                            
2000e231  fputc                                 
2000c269  fputs                                 
2000cc0d  free                                  
2000f32d  frexp                                 
2000f32d  frexpl                                
2000ef5d  fseek                                 
2002773c  g_Host                                
2001f2cc  g_SlDeviceStatus                      
2001f300  g_SpiFd                               
2001f1b8  g__SlNonOsCB                          
20027710  g_app_config                          
20027748  g_bDeviceRestartIsRequired            
20027749  g_cDummy                              
2001f2d0  g_pCB                                 
2001f304  g_pHostIntHdl                         
20004000  g_pfnVectors                          
20027740  g_port                                
200276c0  g_time                                
20027718  g_ucConnectionBSSID                   
200276ec  g_ucConnectionSSID                    
2001f308  g_ucDMAEnabled                        
20027670  g_ucDinDout                           
2002774a  g_ucLED1Pin                           
2002774b  g_ucLED2Pin                           
2002774c  g_ucLED3Pin                           
2001f2e8  g_uiLED1Port                          
2001f2ec  g_uiLED2Port                          
2001f2f0  g_uiLED3Port                          
2001f2fc  g_ulGatewayIP                         
2001f2f8  g_ulPingPacketsRecv                   
2001f2f4  g_ulStatus                            
2000447d  generateJSON                          
20005c03  getAcceleration                       
2000440f  getScore                              
2000fcd1  getdevice                             
20009147  goTo                                  
20005f0d  hangmanGame                           
20007f7f  height                                
2000567b  highScoresScreen                      
2000940f  invert                                
20005cb5  isValidPosition                       
2000d071  ldexp                                 
2000d071  ldexpl                                
20010625  lseek                                 
200060ed  main                                  
2000553d  mainMenu                              
20010ead  malloc                                
20005605  mazeDifficultySelect                  
20005db5  mazeGame                              
20004c35  mazeLine                              
2000c481  memalign                              
20010a5d  memccpy                               
200108e1  memchr                                
2000d8f5  memcpy                                
2001064d  memmove                               
2000e8ef  memset                                
2001f2d4  pPingCallBackFunc                     
20027720  parmbuf                               
2000ee2d  printf                                
2000e231  putc                                  
20005a8d  readAccelerometer                     
2000ccf1  realloc                               
200104dd  remove                                
2000d071  scalbn                                
2000d071  scalbnl                               
20007f17  setCursor                             
20007f4f  setTextColor                          
20007f2f  setTextSize                           
20007f67  setTextWrap                           
2000cf95  setvbuf                               
2000ffcd  simplelink_timerA2_start              
2000f1b1  sl_Close                              
2000b029  sl_Connect                            
2000d20d  sl_DevGet                             
2000da2d  sl_DevSet                             
2000fd15  sl_Htonl                              
20010009  sl_Htons                              
2000bb2d  sl_NetAppDnsGetHostByName             
2000cdd5  sl_NetAppMDNSRegisterUnregisterService
2000efc1  sl_NetAppMDNSUnRegisterService        
2000dac5  sl_NetCfgSet                          
200106c3  sl_Provisioning_HttpServerEventHdl    
200106d1  sl_Provisioning_NetAppEventHdl        
200106dd  sl_Provisioning_WlanEventHdl          
2000d855  sl_Recv                               
2000bee5  sl_Send                               
2000db5d  sl_SetSockOpt                         
2000e2bd  sl_Socket                             
2000c67d  sl_Start                              
2000c76d  sl_Stop                               
20009a65  sl_WlanConnect                        
20010161  sl_WlanDisconnect                     
2000df71  sl_WlanPolicySet                      
2000f211  sl_WlanProfileDel                     
2000e5e5  sl_WlanRxFilterSet                    
2000dbf5  sl_WlanSet                            
2000f271  sl_WlanSetMode                        
20005b81  smoothAcceleration                    
2000e961  spi_Close                             
2000b8a1  spi_Open                              
2000c85d  spi_Read                              
2000dc8d  spi_Write                             
2000fe59  sprintf                               
2000b49d  sqrt                                  
2000b49d  sqrtl                                 
20010d39  strchr                                
20010c9d  strcmp                                
20010d8d  strcpy                                
20010da1  strlen                                
200101cf  strncpy                               
20010309  strstr                                
2001f244  systick_cnt                           
2001f248  systick_cnt2                          
2001f2a0  textbgcolor                           
2001f29c  textcolor                             
2001f298  textsize                              
20006ff1  tls_connect                           
20005afd  twosComplementToInteger               
2000f8fd  uDMAChannelAssign                     
2000f025  uDMAChannelAttributeDisable           
2000f089  uDMAChannelAttributeEnable            
20010045  uDMAChannelControlSet                 
20010a79  uDMAChannelEnable                     
2000c94d  uDMAChannelTransferSet                
200104dd  unlink                                
2000fe99  vsnprintf                             
20010dd9  wcslen                                
20007f7b  width                                 
200057f7  winLoseScreen                         
2001f2a4  wrap                                  
20010675  write                                 
20008f81  writeCommand                          
20008fcb  writeData                             


GLOBAL SYMBOLS: SORTED BY Symbol Address 

address   name                                  
-------   ----                                  
00001000  __STACK_SIZE                          
00008000  __SYSMEM_SIZE                         
20004000  g_pfnVectors                          
2000440f  getScore                              
2000447d  generateJSON                          
20004a67  drawCursor                            
20004ae3  blink                                 
20004b25  blinkCursor                           
20004ba5  changeCursorLocation                  
20004c35  mazeLine                              
20004ce9  buildEasyMaze                         
20004e81  buildMediumMaze                       
20005075  buildHardMaze                         
200054a5  drawMaze                              
200054f9  clearMaze                             
2000553d  mainMenu                              
20005605  mazeDifficultySelect                  
2000567b  highScoresScreen                      
200056f1  buildHangman                          
200057f7  winLoseScreen                         
2000591f  DrawHead                              
20005945  DrawLeftArm                           
2000595b  DrawRightArm                          
2000598b  DrawLeftLeg                           
200059af  DrawRightLeg                          
200059c5  DrawCore                              
200059fd  DisplayBuffer                         
20005a8d  readAccelerometer                     
20005afd  twosComplementToInteger               
20005b81  smoothAcceleration                    
20005c03  getAcceleration                       
20005c23  calculateShift                        
20005cb5  isValidPosition                       
20005db5  mazeGame                              
20005f0d  hangmanGame                           
200060ed  main                                  
20006661  SimpleLinkWlanEventHandler            
2000676f  SimpleLinkNetAppEventHandler          
20006811  SimpleLinkHttpServerCallback          
20006835  SimpleLinkGeneralEventHandler         
20006855  SimpleLinkSockEventHandler            
20006ff1  tls_connect                           
200071f9  connectToAccessPoint                  
20007521  drawCircle                            
20007655  drawCircleHelper                      
20007773  fillCircle                            
200077ad  fillCircleHelper                      
2000789b  drawLine                              
20007987  drawRect                              
200079d5  drawRoundRect                         
20007ac3  fillRoundRect                         
20007b3d  drawTriangle                          
20007b7f  fillTriangle                          
20007d7f  drawChar                              
20007ecb  Outstr                                
20007f17  setCursor                             
20007f2f  setTextSize                           
20007f4f  setTextColor                          
20007f67  setTextWrap                           
20007f7b  width                                 
20007f7f  height                                
20007fa1  __TI_printfi                          
20008f81  writeCommand                          
20008fcb  writeData                             
20009015  Adafruit_Init                         
20009147  goTo                                  
2000918b  Color565                              
200091cd  fillScreen                            
200091e3  fillRect                              
20009295  drawFastVLine                         
20009335  drawFastHLine                         
200093d1  drawPixel                             
2000940f  invert                                
2000942b  _nop                                  
20009469  GPIO_IF_LedConfigure                  
200094a7  GPIO_IF_LedOn                         
2000955b  GPIO_IF_LedOff                        
2000960f  GPIO_IF_LedStatus                     
20009679  GPIO_IF_LedToggle                     
200096a7  GPIO_IF_GetPortNPin                   
200096ed  GPIO_IF_ConfigureNIntEnable           
20009735  GPIO_IF_Set                           
20009779  GPIO_IF_Get                           
20009841  I2C_IF_Write                          
200098f1  I2C_IF_Read                           
200099ad  I2C_IF_ReadFrom                       
200099f3  I2C_IF_Open                           
20009a4f  I2C_IF_Close                          
20009a65  sl_WlanConnect                        
20009ce5  InitTerm                              
20009d03  Message                               
20009d25  ClearTerm                             
20009d2f  Error                                 
20009d67  GetCmd                                
20009e0d  TrimSpace                             
20009ea5  Report                                
2000a411  _SlDrvDataReadOp                      
2000a5f5  _SlDrvReleasePoolObj                  
2000a991  __aeabi_dsub                          
2000a99b  __aeabi_dadd                          
2000ab47  __aeabi_idiv0                         
2000ab47  __aeabi_ldiv0                         
2000ab49  _SlDrvDriverCBInit                    
2000ae99  _SlDrvWaitForPoolObj                  
2000b029  sl_Connect                            
2000b1b5  PRCMCC3200MCUInit                     
2000b49d  sqrt                                  
2000b49d  sqrtl                                 
2000b5f9  PinMuxConfig                          
2000b751  _SlDrvDataWriteOp                     
2000b8a1  spi_Open                              
2000bb2d  sl_NetAppDnsGetHostByName             
2000bdad  __aeabi_ddiv                          
2000bee5  sl_Send                               
2000c019  _SlDrvDriverCBDeinit                  
2000c269  fputs                                 
2000c37d  _SlDrvNetAppEventHandler              
2000c481  aligned_alloc                         
2000c481  memalign                              
2000c581  __aeabi_dmul                          
2000c67d  sl_Start                              
2000c76d  sl_Stop                               
2000c85d  spi_Read                              
2000c94d  uDMAChannelTransferSet                
2000cb25  _SlDrvMsgReadSpawnCtx                 
2000cc0d  free                                  
2000ccf1  realloc                               
2000cdd5  sl_NetAppMDNSRegisterUnregisterService
2000cf95  setvbuf                               
2000d071  ldexp                                 
2000d071  ldexpl                                
2000d071  scalbn                                
2000d071  scalbnl                               
2000d141  _sl_HandleAsync_DnsGetHostByService   
2000d20d  sl_DevGet                             
2000d39d  _SlDrvCmdOp                           
2000d511  _SlNonOsSemGet                        
2000d5c1  IntDisable                            
2000d669  IntEnable                             
2000d711  _SlDriverHandleError                  
2000d7b5  SPIConfigSetExpClk                    
2000d855  sl_Recv                               
2000d8f5  __aeabi_memcpy                        
2000d8f5  __aeabi_memcpy4                       
2000d8f5  __aeabi_memcpy8                       
2000d8f5  memcpy                                
2000d991  _SlDrvDeviceEventHandler              
2000da2d  sl_DevSet                             
2000dac5  sl_NetCfgSet                          
2000db5d  sl_SetSockOpt                         
2000dbf5  sl_WlanSet                            
2000dc8d  spi_Write                             
2000dd25  __aeabi_uldivmod                      
2000ddbd  PRCMPeripheralClockGet                
2000de51  _sl_HandleAsync_DnsGetHostByName      
2000dee1  _sl_HandleAsync_PingResponse          
2000df71  sl_WlanPolicySet                      
2000e119  _SlDrvIsTimeoutExpired                
2000e1a5  _sl_HandleAsync_InitComplete          
2000e231  fputc                                 
2000e231  putc                                  
2000e2bd  sl_Socket                             
2000e349  PinConfigSet                          
2000e3d1  __aeabi_cdcmpeq                       
2000e3d1  __aeabi_cdcmple                       
2000e457  __aeabi_cdrcmple                      
2000e4dd  I2CMasterInitExpClk                   
2000e561  NwpPowerOnPreamble                    
2000e5e5  sl_WlanRxFilterSet                    
2000e669  GPIOIntTypeSet                        
2000e6ed  _sl_HandleAsync_Connect               
2000e86d  __aeabi_fmul                          
2000e8e7  __aeabi_memclr                        
2000e8e7  __aeabi_memclr4                       
2000e8e7  __aeabi_memclr8                       
2000e8e9  __aeabi_memset                        
2000e8e9  __aeabi_memset4                       
2000e8e9  __aeabi_memset8                       
2000e8ef  memset                                
2000e961  spi_Close                             
2000e9d9  UARTConfigSetExpClk                   
2000ea51  _SlNonOsMainLoopTask                  
2000eac5  __TI_closefile                        
2000ec19  HOSTrename                            
2000ec85  _SlDrvCmdSend                         
2000ecf1  _sl_NetAppSendTokenValue              
2000ed5d  HOSTlseek                             
2000edc5  __TI_decompress_lzss                  
2000ee2d  printf                                
2000ee95  _SlNonOsSpawn                         
2000eef9  _sl_HandleAsync_Accept                
2000ef5d  fseek                                 
2000efc1  sl_NetAppMDNSUnRegisterService        
2000f025  uDMAChannelAttributeDisable           
2000f089  uDMAChannelAttributeEnable            
2000f0ed  __TI_wrt_ok                           
2000f151  HOSTopen                              
2000f1b1  sl_Close                              
2000f211  sl_WlanProfileDel                     
2000f271  sl_WlanSetMode                        
2000f2d1  close                                 
2000f32d  frexp                                 
2000f32d  frexpl                                
2000f389  HOSTread                              
2000f3e1  HOSTwrite                             
2000f439  IntPendClear                          
2000f491  PRCMPeripheralReset                   
2000f541  IntPrioritySet                        
2000f595  _SlDrvRxIrqHandler                    
2000f5e9  __TI_ltoa                             
2000f63d  _sl_HandleAsync_Select                
2000f6e5  _sl_HandleAsync_Stop                  
2000f735  SPIIntEnable                          
2000f7cd  _SlDrvProtectAsyncRespSetting         
2000f819  __TI_doflush                          
2000f8b1  atoi                                  
2000f8fd  uDMAChannelAssign                     
2000f991  SPIIntClear                           
2000f9d9  _SlDrvBasicCmd                        
2000fa21  exit                                  
2000fa69  __aeabi_d2iz                          
2000fab1  HOSTclose                             
2000faf5  HOSTunlink                            
2000fb7d  TimerConfigure                        
2000fbc1  _SlDrvHandleHttpServerEvents          
2000fc05  _SlDrvSyncObjWaitTimeout              
2000fc49  __TI_auto_init_nobinit_nopinit        
2000fcd1  getdevice                             
2000fd15  sl_Htonl                              
2000fd59  PinModeSet                            
2000fd99  _SlDrvHandleNetAppEvents              
2000fdd9  _SlDrvHandleWlanEvents                
2000fe59  sprintf                               
2000fe99  vsnprintf                             
2000fed9  NwpRegisterInterruptHandler           
2000ff91  PRCMPeripheralClkEnable               
2000ffcd  simplelink_timerA2_start              
20010009  sl_Htons                              
20010045  uDMAChannelControlSet                 
20010081  NwpPowerOff                           
200100b9  __TI_writemsg                         
200100e7  C$$IO$$                               
200100f1  __aeabi_f2iz                          
20010129  __aeabi_i2f                           
20010161  sl_WlanDisconnect                     
20010199  GPIODirModeSet                        
200101cf  strncpy                               
20010205  NwpPowerOn                            
20010239  PRCMPeripheralStatusGet               
2001026d  SPIFIFOLevelSet                       
200102a1  __TI_cleanup                          
200102d5  __TI_readmsg                          
20010309  strstr                                
2001033d  PinTypeGPIO                           
2001036d  UARTDisable                           
200103cd  finddevice                            
200103fd  __aeabi_i2d                           
2001042b  I2CMasterErr                          
20010459  PRCMSysResetCauseGet                  
200104b1  _SlDrvProtectionObjLockWaitForever    
200104dd  remove                                
200104dd  unlink                                
20010509  TimerLoadSet                          
20010533  TimerPrescaleSet                      
2001055d  PRCMPeripheralClkDisable              
20010585  _SlDrvGlobalObjUnLock                 
200105ad  _SlDrvProtectionObjUnLock             
200105d5  _SlDrvSyncObjWaitForever              
20010625  lseek                                 
2001064d  memmove                               
20010675  write                                 
2001069d  _SlDrvObjLockWaitForever              
200106c3  sl_Provisioning_HttpServerEventHdl    
200106d1  sl_Provisioning_NetAppEventHdl        
200106dd  sl_Provisioning_WlanEventHdl          
200106e9  DmaSpiSwIntHandler                    
2001070d  IntUnregister                         
20010731  UARTEnable                            
20010755  _c_int00_noargs                       
20010779  GPIOIntStatus                         
2001079b  I2CMasterSlaveAddrSet                 
200107bd  SPIReset                              
200107df  SPIWordCountSet                       
20010801  GPIOPinWrite                          
20010821  IntRegister                           
20010841  NwpPrePowerOffTimout0                 
20010861  SPIDataGet                            
20010881  TimerGetCurrentTimestamp              
200108a1  _SlDrvObjUnLock                       
200108c1  _SlDrvSyncObjSignal                   
200108e1  memchr                                
20010901  GPIOIntRegister                       
2001091f  I2CMasterIntStatusEx                  
2001093d  SPIDataPut                            
2001095b  TimerEnable                           
20010979  UARTCharPut                           
200109b5  PinTypeI2C                            
200109d1  SysTickIntRegister                    
200109ed  TimerValueGet                         
20010a09  UARTCharGetNonBlocking                
20010a25  _SlDrvStartMeasureTimeout             
20010a5d  memccpy                               
20010a79  uDMAChannelEnable                     
20010a95  GPIOIntEnable                         
20010aaf  PinTypeSPI                            
20010ac9  PinTypeUART                           
20010ae3  SPIDmaDisable                         
20010afd  SPIDmaEnable                          
20010b17  SPIFIFODisable                        
20010b31  SPIFIFOEnable                         
20010b4b  SPIIntUnregister                      
20010b65  GPIOPinRead                           
20010b7d  I2CMasterIntEnableEx                  
20010b95  SPICSDisable                          
20010bad  SPICSEnable                           
20010bc5  SPIDisable                            
20010bdd  SPIEnable                             
20010bf5  SysTickPeriodSet                      
20010c0d  UARTCharsAvail                        
20010c25  _SlNonOsSemSet                        
20010c85  __aeabi_lmul                          
20010c9d  strcmp                                
20010cb5  I2CMasterDataPut                      
20010ccb  I2CMasterEnable                       
20010ce1  I2CMasterIntClear                     
20010cf7  PRCMHIBRegRead                        
20010d0d  PRCMHIBRegWrite                       
20010d23  _SlDrvMemZero                         
20010d39  strchr                                
20010d4f  CPUcpsie                              
20010d63  GPIOIntClear                          
20010d79  IntVTableBaseSet                      
20010d8d  strcpy                                
20010da1  strlen                                
20010db5  I2CMasterControl                      
20010dc7  I2CMasterTimeoutSet                   
20010dd9  wcslen                                
20010ded  SysTickEnable                         
20010dfd  SysTickIntEnable                      
20010e0d  _SlDrvDispatchHttpServerEvents        
20010e1d  I2CMasterDataGet                      
20010e2b  _SlDrvResetCmdExt                     
20010e39  __TI_decompress_none                  
20010e47  ResetISR                              
20010e55  NwpMaskInterrupt                      
20010e61  NwpUnMaskInterrupt                    
20010e6d  SysTickValueGet                       
20010e79  copysign                              
20010e79  copysignl                             
20010e85  __TI_zero_init                        
20010e91  IntMasterEnable                       
20010ea5  __aeabi_errno_addr                    
20010ead  malloc                                
20010eb5  UtilsDelay                            
20010ec3  _system_pre_init                      
20010ec7  C$$EXIT                               
20010ec7  abort                                 
200113c7  _ctypes_                              
20011744  OpcodeTranslateTable                  
20011780  _SlActionLookupTable                  
20011952  _SlNetAppSendTokenValueCmdCtrl        
20011998  __TI_static_base__                    
20011a74  __TI_Handler_Table_Base               
20011a80  __TI_Handler_Table_Limit              
20011a88  __TI_CINIT_Base                       
20011a98  __TI_CINIT_Limit                      
20017000  __start___llvm_prf_cnts               
20017000  __stop___llvm_prf_cnts                
2001f000  _ftable                               
2001f0f0  _device                               
2001f168  _stream                               
2001f1b8  g__SlNonOsCB                          
2001f21c  cursorsArray                          
2001f244  systick_cnt                           
2001f248  systick_cnt2                          
2001f258  checkFlag                             
2001f290  cursor_x                              
2001f294  cursor_y                              
2001f298  textsize                              
2001f29c  textcolor                             
2001f2a0  textbgcolor                           
2001f2a4  wrap                                  
2001f2bc  __TI_ft_end                           
2001f2c0  __aeabi_stdin                         
2001f2c4  __aeabi_stdout                        
2001f2c8  __aeabi_stderr                        
2001f2cc  g_SlDeviceStatus                      
2001f2d0  g_pCB                                 
2001f2d4  pPingCallBackFunc                     
2001f2dc  __TI_cleanup_ptr                      
2001f2e0  __TI_dtors_ptr                        
2001f2e4  __TI_enable_exit_profile_output       
2001f2e8  g_uiLED1Port                          
2001f2ec  g_uiLED2Port                          
2001f2f0  g_uiLED3Port                          
2001f2f4  g_ulStatus                            
2001f2f8  g_ulPingPacketsRecv                   
2001f2fc  g_ulGatewayIP                         
2001f300  g_SpiFd                               
2001f304  g_pHostIntHdl                         
2001f308  g_ucDMAEnabled                        
2001f30c  _lock                                 
2001f310  _unlock                               
2001f33c  errno                                 
2001f348  _sys_memory                           
200274b0  __CIOBUF_                             
200275d0  __TI_tmpnams                          
20027670  g_ucDinDout                           
200276c0  g_time                                
200276ec  g_ucConnectionSSID                    
20027710  g_app_config                          
20027718  g_ucConnectionBSSID                   
20027720  parmbuf                               
2002772c  IR_intcount                           
20027730  bitCounter                            
20027734  dataStream                            
20027738  delta_us                              
2002773c  g_Host                                
20027740  g_port                                
20027746  IR_intflag                            
20027747  RxIrqCnt                              
20027748  g_bDeviceRestartIsRequired            
20027749  g_cDummy                              
2002774a  g_ucLED1Pin                           
2002774b  g_ucLED2Pin                           
2002774c  g_ucLED3Pin                           
2002f000  __stack                               
20030000  __STACK_END                           
ffffffff  __TI_pprof_out_hndl                   
ffffffff  __TI_prof_data_size                   
ffffffff  __TI_prof_data_start                  
ffffffff  __binit__                             
ffffffff  __c_args__                            
ffffffff  binit                                 
UNDEFED   __mpu_init                            
UNDEFED   _system_post_cinit                    

[436 symbols]
